2025-12-20 22:34:08,019 - INFO - Starting Epic Games Freebie Notifier2025-12-20 18:21:30,132 - INFO - Starting Epic Games Freebie Notifier
2025-12-20 18:54:52,714 - INFO - Starting Epic Games Freebie Notifier
2025-12-20 18:54:52,715 - INFO - Current working directory: /home/runner/work/EpicGames-Freebie-Notifier/EpicGames-Freebie-Notifier
2025-12-20 18:54:52,715 - INFO - Looking for .env file at: /home/runner/work/EpicGames-Freebie-Notifier/EpicGames-Freebie-Notifier/.env
2025-12-20 18:54:52,715 - INFO - .env file exists: False
2025-12-20 18:54:52,715 - INFO - Configuration validated successfully
2025-12-20 18:54:52,715 - INFO - Using webhook: https://discord.com/api/webhoo...
2025-12-20 18:54:53,290 - INFO - Found 1 free game(s)
2025-12-20 18:54:53,291 - INFO - New free game detected: Blood West
2025-12-20 18:54:53,596 - INFO - Successfully notified: Blood West
2025-12-20 18:54:53,598 - INFO - Completed notification check
2025-12-20 19:13:15,392 - INFO - Starting Epic Games Freebie Notifier
2025-12-20 19:13:15,392 - INFO - Current working directory: /home/runner/work/EpicGames-Freebie-Notifier/EpicGames-Freebie-Notifier
2025-12-20 19:13:15,392 - INFO - Looking for .env file at: /home/runner/work/EpicGames-Freebie-Notifier/EpicGames-Freebie-Notifier/.env
2025-12-20 19:13:15,392 - INFO - .env file exists: False
2025-12-20 19:13:15,392 - INFO - Configuration validated successfully
2025-12-20 19:13:15,393 - INFO - Using webhook: https://discord.com/api/webhoo...
2025-12-20 19:13:15,805 - INFO - Found 1 free game(s)
2025-12-20 19:13:15,806 - INFO - Completed notification check
2025-12-20 19:13:26,295 - INFO - Starting Epic Games Freebie Notifier
2025-12-20 19:13:26,295 - INFO - Current working directory: /home/runner/work/EpicGames-Freebie-Notifier/EpicGames-Freebie-Notifier
2025-12-20 19:13:26,295 - INFO - Looking for .env file at: /home/runner/work/EpicGames-Freebie-Notifier/EpicGames-Freebie-Notifier/.env
2025-12-20 19:13:26,295 - INFO - .env file exists: False
2025-12-20 19:13:26,295 - INFO - Configuration validated successfully
2025-12-20 19:13:26,295 - INFO - Using webhook: https://discord.com/api/webhoo...
2025-12-20 19:13:26,587 - INFO - Found 1 free game(s)
2025-12-20 19:13:26,589 - INFO - Completed notification check
2025-12-20 19:13:36,570 - INFO - Starting Epic Games Freebie Notifier
2025-12-20 19:13:36,570 - INFO - Current working directory: /home/runner/work/EpicGames-Freebie-Notifier/EpicGames-Freebie-Notifier
2025-12-20 19:13:36,570 - INFO - Looking for .env file at: /home/runner/work/EpicGames-Freebie-Notifier/EpicGames-Freebie-Notifier/.env
2025-12-20 19:13:36,570 - INFO - .env file exists: False
2025-12-20 19:13:36,570 - INFO - Configuration validated successfully
2025-12-20 19:13:36,570 - INFO - Using webhook: https://discord.com/api/webhoo...
2025-12-20 19:13:36,875 - INFO - Found 1 free game(s)
2025-12-20 19:13:36,877 - INFO - Completed notification check
2025-12-20 19:13:49,221 - INFO - Starting Epic Games Freebie Notifier
2025-12-20 19:13:49,221 - INFO - Current working directory: /home/runner/work/EpicGames-Freebie-Notifier/EpicGames-Freebie-Notifier
2025-12-20 19:13:49,221 - INFO - Looking for .env file at: /home/runner/work/EpicGames-Freebie-Notifier/EpicGames-Freebie-Notifier/.env
2025-12-20 19:13:49,221 - INFO - .env file exists: False
2025-12-20 19:13:49,221 - INFO - Configuration validated successfully
2025-12-20 19:13:49,221 - INFO - Using webhook: https://discord.com/api/webhoo...
2025-12-20 19:13:49,389 - INFO - Found 1 free game(s)
2025-12-20 19:13:49,390 - INFO - Completed notification check
2025-12-20 19:14:00,078 - INFO - Starting Epic Games Freebie Notifier
2025-12-20 19:14:00,078 - INFO - Current working directory: /home/runner/work/EpicGames-Freebie-Notifier/EpicGames-Freebie-Notifier
2025-12-20 19:14:00,078 - INFO - Looking for .env file at: /home/runner/work/EpicGames-Freebie-Notifier/EpicGames-Freebie-Notifier/.env
2025-12-20 19:14:00,079 - INFO - .env file exists: False
2025-12-20 19:14:00,079 - INFO - Configuration validated successfully
2025-12-20 19:14:00,079 - INFO - Using webhook: https://discord.com/api/webhoo...
2025-12-20 19:14:00,269 - INFO - Found 1 free game(s)
2025-12-20 19:14:00,270 - INFO - Completed notification check
2025-12-20 19:14:11,837 - INFO - Starting Epic Games Freebie Notifier
2025-12-20 19:14:11,837 - INFO - Current working directory: /home/runner/work/EpicGames-Freebie-Notifier/EpicGames-Freebie-Notifier
2025-12-20 19:14:11,837 - INFO - Looking for .env file at: /home/runner/work/EpicGames-Freebie-Notifier/EpicGames-Freebie-Notifier/.env
2025-12-20 19:14:11,838 - INFO - .env file exists: False
2025-12-20 19:14:11,838 - INFO - Configuration validated successfully
2025-12-20 19:14:11,838 - INFO - Using webhook: https://discord.com/api/webhoo...
2025-12-20 19:14:11,977 - INFO - Found 1 free game(s)
2025-12-20 19:14:11,978 - INFO - Completed notification check
2025-12-20 19:14:26,794 - INFO - Starting Epic Games Freebie Notifier
2025-12-20 19:14:26,794 - INFO - Current working directory: /home/runner/work/EpicGames-Freebie-Notifier/EpicGames-Freebie-Notifier
2025-12-20 19:14:26,794 - INFO - Looking for .env file at: /home/runner/work/EpicGames-Freebie-Notifier/EpicGames-Freebie-Notifier/.env
2025-12-20 19:14:26,794 - INFO - .env file exists: False
2025-12-20 19:14:26,795 - INFO - Configuration validated successfully
2025-12-20 19:14:26,795 - INFO - Using webhook: https://discord.com/api/webhoo...
2025-12-20 19:14:27,061 - INFO - Found 1 free game(s)
2025-12-20 19:14:27,062 - INFO - Completed notification check
2025-12-20 19:14:42,066 - INFO - Starting Epic Games Freebie Notifier
2025-12-20 19:14:42,066 - INFO - Current working directory: /home/runner/work/EpicGames-Freebie-Notifier/EpicGames-Freebie-Notifier
2025-12-20 19:14:42,066 - INFO - Looking for .env file at: /home/runner/work/EpicGames-Freebie-Notifier/EpicGames-Freebie-Notifier/.env
2025-12-20 19:14:42,067 - INFO - .env file exists: False
2025-12-20 19:14:42,067 - INFO - Configuration validated successfully
2025-12-20 19:14:42,067 - INFO - Using webhook: https://discord.com/api/webhoo...
2025-12-20 19:14:42,150 - INFO - Found 1 free game(s)
2025-12-20 19:14:42,151 - INFO - Completed notification check
2025-12-20 19:14:57,669 - INFO - Starting Epic Games Freebie Notifier
2025-12-20 19:14:57,669 - INFO - Current working directory: /home/runner/work/EpicGames-Freebie-Notifier/EpicGames-Freebie-Notifier
2025-12-20 19:14:57,669 - INFO - Looking for .env file at: /home/runner/work/EpicGames-Freebie-Notifier/EpicGames-Freebie-Notifier/.env
2025-12-20 19:14:57,669 - INFO - .env file exists: False
2025-12-20 19:14:57,669 - INFO - Configuration validated successfully
2025-12-20 19:14:57,669 - INFO - Using webhook: https://discord.com/api/webhoo...
2025-12-20 19:14:57,890 - INFO - Found 1 free game(s)
2025-12-20 19:14:57,892 - INFO - Completed notification check
2025-12-20 19:15:10,945 - INFO - Starting Epic Games Freebie Notifier
2025-12-20 19:15:10,945 - INFO - Current working directory: /home/runner/work/EpicGames-Freebie-Notifier/EpicGames-Freebie-Notifier
2025-12-20 19:15:10,945 - INFO - Looking for .env file at: /home/runner/work/EpicGames-Freebie-Notifier/EpicGames-Freebie-Notifier/.env
2025-12-20 19:15:10,946 - INFO - .env file exists: False
2025-12-20 19:15:10,946 - INFO - Configuration validated successfully
2025-12-20 19:15:10,946 - INFO - Using webhook: https://discord.com/api/webhoo...
2025-12-20 19:15:11,155 - INFO - Found 1 free game(s)
2025-12-20 19:15:11,156 - INFO - Completed notification check
2025-12-20 19:16:00,918 - INFO - Starting Epic Games Freebie Notifier
2025-12-20 19:16:00,918 - INFO - Current working directory: /home/runner/work/EpicGames-Freebie-Notifier/EpicGames-Freebie-Notifier
2025-12-20 19:16:00,918 - INFO - Looking for .env file at: /home/runner/work/EpicGames-Freebie-Notifier/EpicGames-Freebie-Notifier/.env
2025-12-20 19:16:00,918 - INFO - .env file exists: False
2025-12-20 19:16:00,919 - INFO - Configuration validated successfully
2025-12-20 19:16:00,919 - INFO - Using webhook: https://discord.com/api/webhoo...
2025-12-20 19:16:01,488 - INFO - Found 1 free game(s)
2025-12-20 19:16:01,489 - INFO - Completed notification check
2025-12-20 19:17:24,184 - INFO - Starting Epic Games Freebie Notifier
2025-12-20 19:17:24,185 - INFO - Current working directory: /home/runner/work/EpicGames-Freebie-Notifier/EpicGames-Freebie-Notifier
2025-12-20 19:17:24,185 - INFO - Looking for .env file at: /home/runner/work/EpicGames-Freebie-Notifier/EpicGames-Freebie-Notifier/.env
2025-12-20 19:17:24,185 - INFO - .env file exists: False
2025-12-20 19:17:24,185 - INFO - Configuration validated successfully
2025-12-20 19:17:24,185 - INFO - Using webhook: https://discord.com/api/webhoo...
2025-12-20 19:17:24,401 - INFO - Found 1 free game(s)
2025-12-20 19:17:24,402 - INFO - Completed notification check
2025-12-20 20:22:42,229 - INFO - Starting Epic Games Freebie Notifier
2025-12-20 20:22:42,229 - INFO - Current working directory: /home/runner/work/EpicGames-Freebie-Notifier/EpicGames-Freebie-Notifier
2025-12-20 20:22:42,229 - INFO - Looking for .env file at: /home/runner/work/EpicGames-Freebie-Notifier/EpicGames-Freebie-Notifier/.env
2025-12-20 20:22:42,229 - INFO - .env file exists: False
2025-12-20 20:22:42,229 - INFO - Configuration validated successfully
2025-12-20 20:22:42,229 - INFO - Using webhook: https://discord.com/api/webhoo...
2025-12-20 20:22:42,911 - INFO - Found 1 free game(s)
2025-12-20 20:22:42,913 - INFO - Completed notification check
2025-12-20 21:18:56,056 - INFO - Starting Epic Games Freebie Notifier
2025-12-20 21:18:56,056 - INFO - Current working directory: /home/runner/work/EpicGames-Freebie-Notifier/EpicGames-Freebie-Notifier
2025-12-20 21:18:56,056 - INFO - Looking for .env file at: /home/runner/work/EpicGames-Freebie-Notifier/EpicGames-Freebie-Notifier/.env
2025-12-20 21:18:56,056 - INFO - .env file exists: False
2025-12-20 21:18:56,056 - INFO - Configuration validated successfully
2025-12-20 21:18:56,056 - INFO - Using webhook: https://discord.com/api/webhoo...
2025-12-20 21:18:56,217 - INFO - Found 1 free game(s)
2025-12-20 21:18:56,235 - INFO - Completed notification check
2025-12-20 22:20:18,622 - INFO - Starting Epic Games Freebie Notifier
2025-12-20 22:20:18,622 - INFO - Current working directory: /home/runner/work/EpicGames-Freebie-Notifier/EpicGames-Freebie-Notifier
2025-12-20 22:20:18,622 - INFO - Looking for .env file at: /home/runner/work/EpicGames-Freebie-Notifier/EpicGames-Freebie-Notifier/.env
2025-12-20 22:20:18,622 - INFO - .env file exists: False
2025-12-20 22:20:18,622 - INFO - Configuration validated successfully
2025-12-20 22:20:18,622 - INFO - Using webhook: https://discord.com/api/webhoo...
2025-12-20 22:20:18,767 - INFO - Found 1 free game(s)
2025-12-20 22:20:18,768 - INFO - Completed notification check
2025-12-20 23:19:59,373 - INFO - Starting Epic Games Freebie Notifier
2025-12-20 23:19:59,373 - INFO - Current working directory: /home/runner/work/EpicGames-Freebie-Notifier/EpicGames-Freebie-Notifier
2025-12-20 23:19:59,373 - INFO - Looking for .env file at: /home/runner/work/EpicGames-Freebie-Notifier/EpicGames-Freebie-Notifier/.env
2025-12-20 23:19:59,373 - INFO - .env file exists: False
2025-12-20 23:19:59,373 - INFO - Configuration validated successfully
2025-12-20 23:19:59,373 - INFO - Using webhook: https://discord.com/api/webhoo...
2025-12-20 23:19:59,572 - INFO - Found 1 free game(s)
2025-12-20 23:19:59,574 - INFO - Completed notification check
2025-12-21 01:55:54,821 - INFO - Starting Epic Games Freebie Notifier
2025-12-21 01:55:54,822 - INFO - Current working directory: /home/runner/work/EpicGames-Freebie-Notifier/EpicGames-Freebie-Notifier
2025-12-21 01:55:54,822 - INFO - Looking for .env file at: /home/runner/work/EpicGames-Freebie-Notifier/EpicGames-Freebie-Notifier/.env
2025-12-21 01:55:54,822 - INFO - .env file exists: False
2025-12-21 01:55:54,822 - INFO - Configuration validated successfully
2025-12-21 01:55:54,822 - INFO - Using webhook: https://discord.com/api/webhoo...
2025-12-21 01:55:55,073 - INFO - Found 1 free game(s)
2025-12-21 01:55:55,075 - INFO - Completed notification check
2025-12-21 03:41:28,700 - INFO - Starting Epic Games Freebie Notifier
2025-12-21 03:41:28,701 - INFO - Current working directory: /home/runner/work/EpicGames-Freebie-Notifier/EpicGames-Freebie-Notifier
2025-12-21 03:41:28,701 - INFO - Looking for .env file at: /home/runner/work/EpicGames-Freebie-Notifier/EpicGames-Freebie-Notifier/.env
2025-12-21 03:41:28,701 - INFO - .env file exists: False
2025-12-21 03:41:28,701 - INFO - Configuration validated successfully
2025-12-21 03:41:28,701 - INFO - Using webhook: https://discord.com/api/webhoo...
2025-12-21 03:41:28,833 - INFO - Found 1 free game(s)
2025-12-21 03:41:28,834 - INFO - Completed notification check
2025-12-21 16:59:01,324 - INFO - Starting Epic Games Freebie Notifier
2025-12-21 16:59:01,324 - INFO - Current working directory: /home/runner/work/EpicGames-Freebie-Notifier/EpicGames-Freebie-Notifier
2025-12-21 16:59:01,324 - INFO - Looking for .env file at: /home/runner/work/EpicGames-Freebie-Notifier/EpicGames-Freebie-Notifier/.env
2025-12-21 16:59:01,324 - INFO - .env file exists: False
2025-12-21 16:59:01,324 - INFO - Configuration validated successfully
2025-12-21 16:59:01,324 - INFO - Using webhook: https://discord.com/api/webhoo...
2025-12-21 16:59:01,562 - INFO - Found 1 free game(s)
2025-12-21 16:59:01,563 - INFO - New free game detected: Sorry We're Closed
2025-12-21 16:59:02,081 - INFO - Successfully notified: Sorry We're Closed
2025-12-21 16:59:02,082 - INFO - Removing expired game from tracking: Blood West
2025-12-21 16:59:02,083 - INFO - Completed notification check
2025-12-21 17:34:13,534 - INFO - Starting Epic Games Freebie Notifier
2025-12-21 17:34:13,535 - INFO - Current working directory: /home/runner/work/EpicGames-Freebie-Notifier/EpicGames-Freebie-Notifier
2025-12-21 17:34:13,535 - INFO - Looking for .env file at: /home/runner/work/EpicGames-Freebie-Notifier/EpicGames-Freebie-Notifier/.env
2025-12-21 17:34:13,535 - INFO - .env file exists: False
2025-12-21 17:34:13,535 - INFO - Configuration validated successfully
2025-12-21 17:34:13,535 - INFO - Using webhook: https://discord.com/api/webhoo...
2025-12-21 17:34:13,721 - INFO - Found 1 free game(s)
2025-12-21 17:34:13,722 - INFO - Completed notification check
2025-12-21 18:51:48,362 - INFO - Starting Epic Games Freebie Notifier
2025-12-21 18:51:48,362 - INFO - Current working directory: /home/runner/work/EpicGames-Freebie-Notifier/EpicGames-Freebie-Notifier
2025-12-21 18:51:48,362 - INFO - Looking for .env file at: /home/runner/work/EpicGames-Freebie-Notifier/EpicGames-Freebie-Notifier/.env
2025-12-21 18:51:48,362 - INFO - .env file exists: False
2025-12-21 18:51:48,362 - INFO - Configuration validated successfully
2025-12-21 18:51:48,362 - INFO - Using webhook: https://discord.com/api/webhoo...
2025-12-21 18:51:48,767 - INFO - Found 1 free game(s)
2025-12-21 18:51:48,769 - INFO - Completed notification check
2025-12-21 19:27:05,307 - INFO - Starting Epic Games Freebie Notifier
2025-12-21 19:27:05,307 - INFO - Current working directory: /home/runner/work/EpicGames-Freebie-Notifier/EpicGames-Freebie-Notifier
2025-12-21 19:27:05,307 - INFO - Looking for .env file at: /home/runner/work/EpicGames-Freebie-Notifier/EpicGames-Freebie-Notifier/.env
2025-12-21 19:27:05,307 - INFO - .env file exists: False
2025-12-21 19:27:05,307 - INFO - Configuration validated successfully
2025-12-21 19:27:05,307 - INFO - Using webhook: https://discord.com/api/webhoo...
2025-12-21 19:27:05,483 - INFO - Found 1 free game(s)
2025-12-21 19:27:05,485 - INFO - Completed notification check
2025-12-21 20:39:06,726 - INFO - Starting Epic Games Freebie Notifier
2025-12-21 20:39:06,726 - INFO - Current working directory: /home/runner/work/EpicGames-Freebie-Notifier/EpicGames-Freebie-Notifier
2025-12-21 20:39:06,726 - INFO - Looking for .env file at: /home/runner/work/EpicGames-Freebie-Notifier/EpicGames-Freebie-Notifier/.env
2025-12-21 20:39:06,726 - INFO - .env file exists: False
2025-12-21 20:39:06,726 - INFO - Configuration validated successfully
2025-12-21 20:39:06,726 - INFO - Using webhook: https://discord.com/api/webhoo...
2025-12-21 20:39:07,411 - INFO - Found 1 free game(s)
2025-12-21 20:39:07,413 - INFO - Completed notification check
2025-12-21 21:31:34,849 - INFO - Starting Epic Games Freebie Notifier
2025-12-21 21:31:34,849 - INFO - Current working directory: /home/runner/work/EpicGames-Freebie-Notifier/EpicGames-Freebie-Notifier
2025-12-21 21:31:34,849 - INFO - Looking for .env file at: /home/runner/work/EpicGames-Freebie-Notifier/EpicGames-Freebie-Notifier/.env
2025-12-21 21:31:34,849 - INFO - .env file exists: False
2025-12-21 21:31:34,849 - INFO - Configuration validated successfully
2025-12-21 21:31:34,849 - INFO - Using webhook: https://discord.com/api/webhoo...
2025-12-21 21:31:35,107 - INFO - Found 1 free game(s)
2025-12-21 21:31:35,108 - INFO - Completed notification check
2025-12-21 22:39:24,451 - INFO - Starting Epic Games Freebie Notifier
2025-12-21 22:39:24,451 - INFO - Current working directory: /home/runner/work/EpicGames-Freebie-Notifier/EpicGames-Freebie-Notifier
2025-12-21 22:39:24,452 - INFO - Looking for .env file at: /home/runner/work/EpicGames-Freebie-Notifier/EpicGames-Freebie-Notifier/.env
2025-12-21 22:39:24,452 - INFO - .env file exists: False
2025-12-21 22:39:24,452 - INFO - Configuration validated successfully
2025-12-21 22:39:24,452 - INFO - Using webhook: https://discord.com/api/webhoo...
2025-12-21 22:39:24,627 - INFO - Found 1 free game(s)
2025-12-21 22:39:24,629 - INFO - Completed notification check
2025-12-21 23:32:22,007 - INFO - Starting Epic Games Freebie Notifier
2025-12-21 23:32:22,007 - INFO - Current working directory: /home/runner/work/EpicGames-Freebie-Notifier/EpicGames-Freebie-Notifier
2025-12-21 23:32:22,008 - INFO - Looking for .env file at: /home/runner/work/EpicGames-Freebie-Notifier/EpicGames-Freebie-Notifier/.env
2025-12-21 23:32:22,008 - INFO - .env file exists: False
2025-12-21 23:32:22,008 - INFO - Configuration validated successfully
2025-12-21 23:32:22,008 - INFO - Using webhook: https://discord.com/api/webhoo...
2025-12-21 23:32:22,088 - INFO - Found 1 free game(s)
2025-12-21 23:32:22,090 - INFO - Completed notification check
2025-12-22 04:00:05,638 - INFO - Starting Epic Games Freebie Notifier
2025-12-22 04:00:05,638 - INFO - Current working directory: /home/runner/work/EpicGames-Freebie-Notifier/EpicGames-Freebie-Notifier
2025-12-22 04:00:05,638 - INFO - Looking for .env file at: /home/runner/work/EpicGames-Freebie-Notifier/EpicGames-Freebie-Notifier/.env
2025-12-22 04:00:05,638 - INFO - .env file exists: False
2025-12-22 04:00:05,638 - INFO - Configuration validated successfully
2025-12-22 04:00:05,638 - INFO - Using webhook: https://discord.com/api/webhoo...
2025-12-22 04:00:06,133 - INFO - Found 1 free game(s)
2025-12-22 04:00:06,134 - INFO - Completed notification check
2025-12-22 05:01:08,878 - INFO - Starting Epic Games Freebie Notifier
2025-12-22 05:01:08,879 - INFO - Current working directory: /home/runner/work/EpicGames-Freebie-Notifier/EpicGames-Freebie-Notifier
2025-12-22 05:01:08,879 - INFO - Looking for .env file at: /home/runner/work/EpicGames-Freebie-Notifier/EpicGames-Freebie-Notifier/.env
2025-12-22 05:01:08,879 - INFO - .env file exists: False
2025-12-22 05:01:08,879 - INFO - Configuration validated successfully
2025-12-22 05:01:08,879 - INFO - Using webhook: https://discord.com/api/webhoo...
2025-12-22 05:01:08,959 - INFO - Found 1 free game(s)
2025-12-22 05:01:08,961 - INFO - Completed notification check
2025-12-22 07:00:33,229 - INFO - Starting Epic Games Freebie Notifier
2025-12-22 07:00:33,229 - INFO - Current working directory: /home/runner/work/EpicGames-Freebie-Notifier/EpicGames-Freebie-Notifier
2025-12-22 07:00:33,229 - INFO - Looking for .env file at: /home/runner/work/EpicGames-Freebie-Notifier/EpicGames-Freebie-Notifier/.env
2025-12-22 07:00:33,229 - INFO - .env file exists: False
2025-12-22 07:00:33,229 - INFO - Configuration validated successfully
2025-12-22 07:00:33,229 - INFO - Using webhook: https://discord.com/api/webhoo...
2025-12-22 07:00:33,322 - INFO - Found 1 free game(s)
2025-12-22 07:00:33,323 - INFO - Completed notification check
2025-12-22 07:43:01,373 - INFO - Starting Epic Games Freebie Notifier
2025-12-22 07:43:01,374 - INFO - Current working directory: /home/runner/work/EpicGames-Freebie-Notifier/EpicGames-Freebie-Notifier
2025-12-22 07:43:01,374 - INFO - Looking for .env file at: /home/runner/work/EpicGames-Freebie-Notifier/EpicGames-Freebie-Notifier/.env
2025-12-22 07:43:01,374 - INFO - .env file exists: False
2025-12-22 07:43:01,374 - INFO - Configuration validated successfully
2025-12-22 07:43:01,374 - INFO - Using webhook: https://discord.com/api/webhoo...
2025-12-22 07:43:01,981 - INFO - Found 1 free game(s)
2025-12-22 07:43:01,982 - INFO - Completed notification check
2025-12-22 08:57:00,167 - INFO - Starting Epic Games Freebie Notifier
2025-12-22 08:57:00,167 - INFO - Current working directory: /home/runner/work/EpicGames-Freebie-Notifier/EpicGames-Freebie-Notifier
2025-12-22 08:57:00,167 - INFO - Looking for .env file at: /home/runner/work/EpicGames-Freebie-Notifier/EpicGames-Freebie-Notifier/.env
2025-12-22 08:57:00,167 - INFO - .env file exists: False
2025-12-22 08:57:00,167 - INFO - Configuration validated successfully
2025-12-22 08:57:00,168 - INFO - Using webhook: https://discord.com/api/webhoo...
2025-12-22 08:57:00,577 - INFO - Found 1 free game(s)
2025-12-22 08:57:00,578 - INFO - Completed notification check
2025-12-22 09:52:50,262 - INFO - Starting Epic Games Freebie Notifier
2025-12-22 09:52:50,262 - INFO - Current working directory: /home/runner/work/EpicGames-Freebie-Notifier/EpicGames-Freebie-Notifier
2025-12-22 09:52:50,262 - INFO - Looking for .env file at: /home/runner/work/EpicGames-Freebie-Notifier/EpicGames-Freebie-Notifier/.env
2025-12-22 09:52:50,262 - INFO - .env file exists: False
2025-12-22 09:52:50,262 - INFO - Configuration validated successfully
2025-12-22 09:52:50,262 - INFO - Using webhook: https://discord.com/api/webhoo...
2025-12-22 09:52:50,388 - INFO - Found 1 free game(s)
2025-12-22 09:52:50,389 - INFO - Completed notification check
2025-12-22 10:46:55,504 - INFO - Starting Epic Games Freebie Notifier
2025-12-22 10:46:55,505 - INFO - Current working directory: /home/runner/work/EpicGames-Freebie-Notifier/EpicGames-Freebie-Notifier
2025-12-22 10:46:55,505 - INFO - Looking for .env file at: /home/runner/work/EpicGames-Freebie-Notifier/EpicGames-Freebie-Notifier/.env
2025-12-22 10:46:55,505 - INFO - .env file exists: False
2025-12-22 10:46:55,505 - INFO - Configuration validated successfully
2025-12-22 10:46:55,505 - INFO - Using webhook: https://discord.com/api/webhoo...
2025-12-22 10:46:56,169 - INFO - Found 1 free game(s)
2025-12-22 10:46:56,170 - INFO - Completed notification check
2025-12-22 11:31:23,306 - INFO - Starting Epic Games Freebie Notifier
2025-12-22 11:31:23,306 - INFO - Current working directory: /home/runner/work/EpicGames-Freebie-Notifier/EpicGames-Freebie-Notifier
2025-12-22 11:31:23,307 - INFO - Looking for .env file at: /home/runner/work/EpicGames-Freebie-Notifier/EpicGames-Freebie-Notifier/.env
2025-12-22 11:31:23,307 - INFO - .env file exists: False
2025-12-22 11:31:23,307 - INFO - Configuration validated successfully
2025-12-22 11:31:23,307 - INFO - Using webhook: https://discord.com/api/webhoo...
2025-12-22 11:31:23,476 - INFO - Found 1 free game(s)
2025-12-22 11:31:23,477 - INFO - Completed notification check
2025-12-22 13:47:34,597 - INFO - Starting Epic Games Freebie Notifier
2025-12-22 13:47:34,597 - INFO - Current working directory: /home/runner/work/EpicGames-Freebie-Notifier/EpicGames-Freebie-Notifier
2025-12-22 13:47:34,597 - INFO - Looking for .env file at: /home/runner/work/EpicGames-Freebie-Notifier/EpicGames-Freebie-Notifier/.env
2025-12-22 13:47:34,597 - INFO - .env file exists: False
2025-12-22 13:47:34,598 - INFO - Configuration validated successfully
2025-12-22 13:47:34,598 - INFO - Using webhook: https://discord.com/api/webhoo...
2025-12-22 13:47:35,133 - INFO - Found 1 free game(s)
2025-12-22 13:47:35,135 - INFO - Completed notification check
2025-12-22 14:43:19,752 - INFO - Starting Epic Games Freebie Notifier
2025-12-22 14:43:19,753 - INFO - Current working directory: /home/runner/work/EpicGames-Freebie-Notifier/EpicGames-Freebie-Notifier
2025-12-22 14:43:19,753 - INFO - Looking for .env file at: /home/runner/work/EpicGames-Freebie-Notifier/EpicGames-Freebie-Notifier/.env
2025-12-22 14:43:19,753 - INFO - .env file exists: False
2025-12-22 14:43:19,753 - INFO - Configuration validated successfully
2025-12-22 14:43:19,753 - INFO - Using webhook: https://discord.com/api/webhoo...
2025-12-22 14:43:19,978 - INFO - Found 1 free game(s)
2025-12-22 14:43:19,979 - INFO - Completed notification check
2025-12-22 15:41:21,487 - INFO - Starting Epic Games Freebie Notifier
2025-12-22 15:41:21,488 - INFO - Current working directory: /home/runner/work/EpicGames-Freebie-Notifier/EpicGames-Freebie-Notifier
2025-12-22 15:41:21,488 - INFO - Looking for .env file at: /home/runner/work/EpicGames-Freebie-Notifier/EpicGames-Freebie-Notifier/.env
2025-12-22 15:41:21,488 - INFO - .env file exists: False
2025-12-22 15:41:21,488 - INFO - Configuration validated successfully
2025-12-22 15:41:21,488 - INFO - Using webhook: https://discord.com/api/webhoo...
2025-12-22 15:41:21,613 - INFO - Found 2 free game(s)
2025-12-22 15:41:21,614 - INFO - New free game detected: Paradise Killer
2025-12-22 15:41:22,113 - INFO - Successfully notified: Paradise Killer
2025-12-22 15:41:22,115 - INFO - Completed notification check
2025-12-22 16:53:29,207 - INFO - Starting Epic Games Freebie Notifier
2025-12-22 16:53:29,207 - INFO - Current working directory: /home/runner/work/EpicGames-Freebie-Notifier/EpicGames-Freebie-Notifier
2025-12-22 16:53:29,207 - INFO - Looking for .env file at: /home/runner/work/EpicGames-Freebie-Notifier/EpicGames-Freebie-Notifier/.env
2025-12-22 16:53:29,207 - INFO - .env file exists: False
2025-12-22 16:53:29,207 - INFO - Configuration validated successfully
2025-12-22 16:53:29,207 - INFO - Using webhook: https://discord.com/api/webhoo...
2025-12-22 16:53:29,509 - INFO - Found 1 free game(s)
2025-12-22 16:53:29,510 - INFO - Removing expired game from tracking: Sorry We're Closed
2025-12-22 16:53:29,510 - INFO - Completed notification check
2025-12-22 17:39:48,677 - INFO - Starting Epic Games Freebie Notifier
2025-12-22 17:39:48,677 - INFO - Current working directory: /home/runner/work/EpicGames-Freebie-Notifier/EpicGames-Freebie-Notifier
2025-12-22 17:39:48,677 - INFO - Looking for .env file at: /home/runner/work/EpicGames-Freebie-Notifier/EpicGames-Freebie-Notifier/.env
2025-12-22 17:39:48,677 - INFO - .env file exists: False
2025-12-22 17:39:48,677 - INFO - Configuration validated successfully
2025-12-22 17:39:48,677 - INFO - Using webhook: https://discord.com/api/webhoo...
2025-12-22 17:39:48,903 - INFO - Found 1 free game(s)
2025-12-22 17:39:48,904 - INFO - Completed notification check
2025-12-22 18:56:27,503 - INFO - Starting Epic Games Freebie Notifier
2025-12-22 18:56:27,503 - INFO - Current working directory: /home/runner/work/EpicGames-Freebie-Notifier/EpicGames-Freebie-Notifier
2025-12-22 18:56:27,503 - INFO - Looking for .env file at: /home/runner/work/EpicGames-Freebie-Notifier/EpicGames-Freebie-Notifier/.env
2025-12-22 18:56:27,503 - INFO - .env file exists: False
2025-12-22 18:56:27,503 - INFO - Configuration validated successfully
2025-12-22 18:56:27,504 - INFO - Using webhook: https://discord.com/api/webhoo...
2025-12-22 18:56:27,610 - INFO - Found 1 free game(s)
2025-12-22 18:56:27,611 - INFO - Completed notification check
2025-12-22 19:30:32,703 - INFO - Starting Epic Games Freebie Notifier
2025-12-22 19:30:32,703 - INFO - Current working directory: /home/runner/work/EpicGames-Freebie-Notifier/EpicGames-Freebie-Notifier
2025-12-22 19:30:32,703 - INFO - Looking for .env file at: /home/runner/work/EpicGames-Freebie-Notifier/EpicGames-Freebie-Notifier/.env
2025-12-22 19:30:32,703 - INFO - .env file exists: False
2025-12-22 19:30:32,703 - INFO - Configuration validated successfully
2025-12-22 19:30:32,704 - INFO - Using webhook: https://discord.com/api/webhoo...
2025-12-22 19:30:33,321 - INFO - Found 1 free game(s)
2025-12-22 19:30:33,322 - INFO - Completed notification check
2025-12-22 20:40:54,734 - INFO - Starting Epic Games Freebie Notifier
2025-12-22 20:40:54,734 - INFO - Current working directory: /home/runner/work/EpicGames-Freebie-Notifier/EpicGames-Freebie-Notifier
2025-12-22 20:40:54,734 - INFO - Looking for .env file at: /home/runner/work/EpicGames-Freebie-Notifier/EpicGames-Freebie-Notifier/.env
2025-12-22 20:40:54,735 - INFO - .env file exists: False
2025-12-22 20:40:54,735 - INFO - Configuration validated successfully
2025-12-22 20:40:54,735 - INFO - Using webhook: https://discord.com/api/webhoo...
2025-12-22 20:40:55,382 - INFO - Found 1 free game(s)
2025-12-22 20:40:55,384 - INFO - Completed notification check
2025-12-22 21:33:15,237 - INFO - Starting Epic Games Freebie Notifier
2025-12-22 21:33:15,237 - INFO - Current working directory: /home/runner/work/EpicGames-Freebie-Notifier/EpicGames-Freebie-Notifier
2025-12-22 21:33:15,237 - INFO - Looking for .env file at: /home/runner/work/EpicGames-Freebie-Notifier/EpicGames-Freebie-Notifier/.env
2025-12-22 21:33:15,237 - INFO - .env file exists: False
2025-12-22 21:33:15,237 - INFO - Configuration validated successfully
2025-12-22 21:33:15,237 - INFO - Using webhook: https://discord.com/api/webhoo...
2025-12-22 21:33:15,388 - INFO - Found 1 free game(s)
2025-12-22 21:33:15,389 - INFO - Completed notification check
2025-12-22 22:41:51,558 - INFO - Starting Epic Games Freebie Notifier
2025-12-22 22:41:51,559 - INFO - Current working directory: /home/runner/work/EpicGames-Freebie-Notifier/EpicGames-Freebie-Notifier
2025-12-22 22:41:51,559 - INFO - Looking for .env file at: /home/runner/work/EpicGames-Freebie-Notifier/EpicGames-Freebie-Notifier/.env
2025-12-22 22:41:51,559 - INFO - .env file exists: False
2025-12-22 22:41:51,559 - INFO - Configuration validated successfully
2025-12-22 22:41:51,559 - INFO - Using webhook: https://discord.com/api/webhoo...
2025-12-22 22:41:51,714 - INFO - Found 1 free game(s)
2025-12-22 22:41:51,716 - INFO - Completed notification check
2025-12-22 23:33:38,622 - INFO - Starting Epic Games Freebie Notifier
2025-12-22 23:33:38,622 - INFO - Current working directory: /home/runner/work/EpicGames-Freebie-Notifier/EpicGames-Freebie-Notifier
2025-12-22 23:33:38,622 - INFO - Looking for .env file at: /home/runner/work/EpicGames-Freebie-Notifier/EpicGames-Freebie-Notifier/.env
2025-12-22 23:33:38,623 - INFO - .env file exists: False
2025-12-22 23:33:38,623 - INFO - Configuration validated successfully
2025-12-22 23:33:38,623 - INFO - Using webhook: https://discord.com/api/webhoo...
2025-12-22 23:33:38,780 - INFO - Found 1 free game(s)
2025-12-22 23:33:38,781 - INFO - Completed notification check
2025-12-23 03:53:35,621 - INFO - Starting Epic Games Freebie Notifier
2025-12-23 03:53:35,621 - INFO - Current working directory: /home/runner/work/EpicGames-Freebie-Notifier/EpicGames-Freebie-Notifier
2025-12-23 03:53:35,621 - INFO - Looking for .env file at: /home/runner/work/EpicGames-Freebie-Notifier/EpicGames-Freebie-Notifier/.env
2025-12-23 03:53:35,622 - INFO - .env file exists: False
2025-12-23 03:53:35,622 - INFO - Configuration validated successfully
2025-12-23 03:53:35,622 - INFO - Using webhook: https://discord.com/api/webhoo...
2025-12-23 03:53:36,080 - INFO - Found 1 free game(s)
2025-12-23 03:53:36,082 - INFO - Completed notification check
2025-12-23 05:01:05,775 - INFO - Starting Epic Games Freebie Notifier
2025-12-23 05:01:05,775 - INFO - Current working directory: /home/runner/work/EpicGames-Freebie-Notifier/EpicGames-Freebie-Notifier
2025-12-23 05:01:05,775 - INFO - Looking for .env file at: /home/runner/work/EpicGames-Freebie-Notifier/EpicGames-Freebie-Notifier/.env
2025-12-23 05:01:05,775 - INFO - .env file exists: False
2025-12-23 05:01:05,775 - INFO - Configuration validated successfully
2025-12-23 05:01:05,775 - INFO - Using webhook: https://discord.com/api/webhoo...
2025-12-23 05:01:06,377 - INFO - Found 1 free game(s)
2025-12-23 05:01:06,378 - INFO - Completed notification check
2025-12-23 05:50:12,718 - INFO - Starting Epic Games Freebie Notifier
2025-12-23 05:50:12,718 - INFO - Current working directory: /home/runner/work/EpicGames-Freebie-Notifier/EpicGames-Freebie-Notifier
2025-12-23 05:50:12,718 - INFO - Looking for .env file at: /home/runner/work/EpicGames-Freebie-Notifier/EpicGames-Freebie-Notifier/.env
2025-12-23 05:50:12,719 - INFO - .env file exists: False
2025-12-23 05:50:12,719 - INFO - Configuration validated successfully
2025-12-23 05:50:12,719 - INFO - Using webhook: https://discord.com/api/webhoo...
2025-12-23 05:50:13,281 - INFO - Found 1 free game(s)
2025-12-23 05:50:13,283 - INFO - Completed notification check
2025-12-23 07:00:41,020 - INFO - Starting Epic Games Freebie Notifier
2025-12-23 07:00:41,020 - INFO - Current working directory: /home/runner/work/EpicGames-Freebie-Notifier/EpicGames-Freebie-Notifier
2025-12-23 07:00:41,020 - INFO - Looking for .env file at: /home/runner/work/EpicGames-Freebie-Notifier/EpicGames-Freebie-Notifier/.env
2025-12-23 07:00:41,020 - INFO - .env file exists: False
2025-12-23 07:00:41,020 - INFO - Configuration validated successfully
2025-12-23 07:00:41,021 - INFO - Using webhook: https://discord.com/api/webhoo...
2025-12-23 07:00:41,084 - INFO - Found 1 free game(s)
2025-12-23 07:00:41,086 - INFO - Completed notification check
2025-12-23 07:43:06,794 - INFO - Starting Epic Games Freebie Notifier
2025-12-23 07:43:06,794 - INFO - Current working directory: /home/runner/work/EpicGames-Freebie-Notifier/EpicGames-Freebie-Notifier
2025-12-23 07:43:06,794 - INFO - Looking for .env file at: /home/runner/work/EpicGames-Freebie-Notifier/EpicGames-Freebie-Notifier/.env
2025-12-23 07:43:06,794 - INFO - .env file exists: False
2025-12-23 07:43:06,794 - INFO - Configuration validated successfully
2025-12-23 07:43:06,794 - INFO - Using webhook: https://discord.com/api/webhoo...
2025-12-23 07:43:06,912 - INFO - Found 1 free game(s)
2025-12-23 07:43:06,914 - INFO - Completed notification check
2025-12-23 08:56:39,765 - INFO - Starting Epic Games Freebie Notifier
2025-12-23 08:56:39,765 - INFO - Current working directory: /home/runner/work/EpicGames-Freebie-Notifier/EpicGames-Freebie-Notifier
2025-12-23 08:56:39,766 - INFO - Looking for .env file at: /home/runner/work/EpicGames-Freebie-Notifier/EpicGames-Freebie-Notifier/.env
2025-12-23 08:56:39,766 - INFO - .env file exists: False
2025-12-23 08:56:39,766 - INFO - Configuration validated successfully
2025-12-23 08:56:39,766 - INFO - Using webhook: https://discord.com/api/webhoo...
2025-12-23 08:56:40,180 - INFO - Found 1 free game(s)
2025-12-23 08:56:40,181 - INFO - Completed notification check
2025-12-23 09:47:38,188 - INFO - Starting Epic Games Freebie Notifier
2025-12-23 09:47:38,188 - INFO - Current working directory: /home/runner/work/EpicGames-Freebie-Notifier/EpicGames-Freebie-Notifier
2025-12-23 09:47:38,188 - INFO - Looking for .env file at: /home/runner/work/EpicGames-Freebie-Notifier/EpicGames-Freebie-Notifier/.env
2025-12-23 09:47:38,188 - INFO - .env file exists: False
2025-12-23 09:47:38,189 - INFO - Configuration validated successfully
2025-12-23 09:47:38,189 - INFO - Using webhook: https://discord.com/api/webhoo...
2025-12-23 09:47:38,573 - INFO - Found 1 free game(s)
2025-12-23 09:47:38,574 - INFO - Completed notification check
2025-12-23 10:49:53,010 - INFO - Starting Epic Games Freebie Notifier
2025-12-23 10:49:53,010 - INFO - Current working directory: /home/runner/work/EpicGames-Freebie-Notifier/EpicGames-Freebie-Notifier
2025-12-23 10:49:53,010 - INFO - Looking for .env file at: /home/runner/work/EpicGames-Freebie-Notifier/EpicGames-Freebie-Notifier/.env
2025-12-23 10:49:53,010 - INFO - .env file exists: False
2025-12-23 10:49:53,010 - INFO - Configuration validated successfully
2025-12-23 10:49:53,010 - INFO - Using webhook: https://discord.com/api/webhoo...
2025-12-23 10:49:53,248 - INFO - Found 1 free game(s)
2025-12-23 10:49:53,250 - INFO - Completed notification check
2025-12-23 11:32:59,768 - INFO - Starting Epic Games Freebie Notifier
2025-12-23 11:32:59,768 - INFO - Current working directory: /home/runner/work/EpicGames-Freebie-Notifier/EpicGames-Freebie-Notifier
2025-12-23 11:32:59,768 - INFO - Looking for .env file at: /home/runner/work/EpicGames-Freebie-Notifier/EpicGames-Freebie-Notifier/.env
2025-12-23 11:32:59,768 - INFO - .env file exists: False
2025-12-23 11:32:59,768 - INFO - Configuration validated successfully
2025-12-23 11:32:59,768 - INFO - Using webhook: https://discord.com/api/webhoo...
2025-12-23 11:33:00,423 - INFO - Found 1 free game(s)
2025-12-23 11:33:00,424 - INFO - Completed notification check
2025-12-23 13:48:37,558 - INFO - Starting Epic Games Freebie Notifier
2025-12-23 13:48:37,558 - INFO - Current working directory: /home/runner/work/EpicGames-Freebie-Notifier/EpicGames-Freebie-Notifier
2025-12-23 13:48:37,558 - INFO - Looking for .env file at: /home/runner/work/EpicGames-Freebie-Notifier/EpicGames-Freebie-Notifier/.env
2025-12-23 13:48:37,558 - INFO - .env file exists: False
2025-12-23 13:48:37,558 - INFO - Configuration validated successfully
2025-12-23 13:48:37,558 - INFO - Using webhook: https://discord.com/api/webhoo...
2025-12-23 13:48:38,022 - INFO - Found 1 free game(s)
2025-12-23 13:48:38,023 - INFO - Completed notification check
2025-12-23 14:45:30,635 - INFO - Starting Epic Games Freebie Notifier
2025-12-23 14:45:30,635 - INFO - Current working directory: /home/runner/work/EpicGames-Freebie-Notifier/EpicGames-Freebie-Notifier
2025-12-23 14:45:30,635 - INFO - Looking for .env file at: /home/runner/work/EpicGames-Freebie-Notifier/EpicGames-Freebie-Notifier/.env
2025-12-23 14:45:30,636 - INFO - .env file exists: False
2025-12-23 14:45:30,636 - INFO - Configuration validated successfully
2025-12-23 14:45:30,636 - INFO - Using webhook: https://discord.com/api/webhoo...
2025-12-23 14:45:30,744 - INFO - Found 1 free game(s)
2025-12-23 14:45:30,745 - INFO - Completed notification check
2025-12-23 15:41:36,763 - INFO - Starting Epic Games Freebie Notifier
2025-12-23 15:41:36,763 - INFO - Current working directory: /home/runner/work/EpicGames-Freebie-Notifier/EpicGames-Freebie-Notifier
2025-12-23 15:41:36,764 - INFO - Looking for .env file at: /home/runner/work/EpicGames-Freebie-Notifier/EpicGames-Freebie-Notifier/.env
2025-12-23 15:41:36,764 - INFO - .env file exists: False
2025-12-23 15:41:36,764 - INFO - Configuration validated successfully
2025-12-23 15:41:36,764 - INFO - Using webhook: https://discord.com/api/webhoo...
2025-12-23 15:41:36,944 - INFO - Found 2 free game(s)
2025-12-23 15:41:36,945 - INFO - New free game detected: Bloodstained: Ritual of the Night
2025-12-23 15:41:37,347 - INFO - Successfully notified: Bloodstained: Ritual of the Night
2025-12-23 15:41:37,349 - INFO - Completed notification check
2025-12-23 16:55:55,620 - INFO - Starting Epic Games Freebie Notifier
2025-12-23 16:55:55,620 - INFO - Current working directory: /home/runner/work/EpicGames-Freebie-Notifier/EpicGames-Freebie-Notifier
2025-12-23 16:55:55,620 - INFO - Looking for .env file at: /home/runner/work/EpicGames-Freebie-Notifier/EpicGames-Freebie-Notifier/.env
2025-12-23 16:55:55,621 - INFO - .env file exists: False
2025-12-23 16:55:55,621 - INFO - Configuration validated successfully
2025-12-23 16:55:55,621 - INFO - Using webhook: https://discord.com/api/webhoo...
2025-12-23 16:55:55,975 - INFO - Found 1 free game(s)
2025-12-23 16:55:55,976 - INFO - Removing expired game from tracking: Paradise Killer
2025-12-23 16:55:55,976 - INFO - Completed notification check
2025-12-23 17:40:54,651 - INFO - Starting Epic Games Freebie Notifier
2025-12-23 17:40:54,651 - INFO - Current working directory: /home/runner/work/EpicGames-Freebie-Notifier/EpicGames-Freebie-Notifier
2025-12-23 17:40:54,651 - INFO - Looking for .env file at: /home/runner/work/EpicGames-Freebie-Notifier/EpicGames-Freebie-Notifier/.env
2025-12-23 17:40:54,651 - INFO - .env file exists: False
2025-12-23 17:40:54,651 - INFO - Configuration validated successfully
2025-12-23 17:40:54,651 - INFO - Using webhook: https://discord.com/api/webhoo...
2025-12-23 17:40:55,177 - INFO - Found 1 free game(s)
2025-12-23 17:40:55,178 - INFO - Completed notification check
2025-12-23 18:58:29,755 - INFO - Starting Epic Games Freebie Notifier
2025-12-23 18:58:29,755 - INFO - Current working directory: /home/runner/work/EpicGames-Freebie-Notifier/EpicGames-Freebie-Notifier
2025-12-23 18:58:29,755 - INFO - Looking for .env file at: /home/runner/work/EpicGames-Freebie-Notifier/EpicGames-Freebie-Notifier/.env
2025-12-23 18:58:29,755 - INFO - .env file exists: False
2025-12-23 18:58:29,755 - INFO - Configuration validated successfully
2025-12-23 18:58:29,755 - INFO - Using webhook: https://discord.com/api/webhoo...
2025-12-23 18:58:30,041 - INFO - Found 1 free game(s)
2025-12-23 18:58:30,042 - INFO - Completed notification check
2025-12-23 19:29:59,590 - INFO - Starting Epic Games Freebie Notifier
2025-12-23 19:29:59,590 - INFO - Current working directory: /home/runner/work/EpicGames-Freebie-Notifier/EpicGames-Freebie-Notifier
2025-12-23 19:29:59,590 - INFO - Looking for .env file at: /home/runner/work/EpicGames-Freebie-Notifier/EpicGames-Freebie-Notifier/.env
2025-12-23 19:29:59,591 - INFO - .env file exists: False
2025-12-23 19:29:59,591 - INFO - Configuration validated successfully
2025-12-23 19:29:59,591 - INFO - Using webhook: https://discord.com/api/webhoo...
2025-12-23 19:29:59,742 - INFO - Found 1 free game(s)
2025-12-23 19:29:59,743 - INFO - Completed notification check
2025-12-23 20:40:40,018 - INFO - Starting Epic Games Freebie Notifier
2025-12-23 20:40:40,018 - INFO - Current working directory: /home/runner/work/EpicGames-Freebie-Notifier/EpicGames-Freebie-Notifier
2025-12-23 20:40:40,018 - INFO - Looking for .env file at: /home/runner/work/EpicGames-Freebie-Notifier/EpicGames-Freebie-Notifier/.env
2025-12-23 20:40:40,018 - INFO - .env file exists: False
2025-12-23 20:40:40,018 - INFO - Configuration validated successfully
2025-12-23 20:40:40,018 - INFO - Using webhook: https://discord.com/api/webhoo...
2025-12-23 20:40:41,788 - INFO - Found 1 free game(s)
2025-12-23 20:40:41,790 - INFO - Completed notification check
2025-12-23 21:33:15,480 - INFO - Starting Epic Games Freebie Notifier
2025-12-23 21:33:15,480 - INFO - Current working directory: /home/runner/work/EpicGames-Freebie-Notifier/EpicGames-Freebie-Notifier
2025-12-23 21:33:15,480 - INFO - Looking for .env file at: /home/runner/work/EpicGames-Freebie-Notifier/EpicGames-Freebie-Notifier/.env
2025-12-23 21:33:15,480 - INFO - .env file exists: False
2025-12-23 21:33:15,480 - INFO - Configuration validated successfully
2025-12-23 21:33:15,480 - INFO - Using webhook: https://discord.com/api/webhoo...
2025-12-23 21:33:15,683 - INFO - Found 1 free game(s)
2025-12-23 21:33:15,684 - INFO - Completed notification check
2025-12-23 22:39:40,476 - INFO - Starting Epic Games Freebie Notifier
2025-12-23 22:39:40,477 - INFO - Current working directory: /home/runner/work/EpicGames-Freebie-Notifier/EpicGames-Freebie-Notifier
2025-12-23 22:39:40,477 - INFO - Looking for .env file at: /home/runner/work/EpicGames-Freebie-Notifier/EpicGames-Freebie-Notifier/.env
2025-12-23 22:39:40,477 - INFO - .env file exists: False
2025-12-23 22:39:40,477 - INFO - Configuration validated successfully
2025-12-23 22:39:40,477 - INFO - Using webhook: https://discord.com/api/webhoo...
2025-12-23 22:39:40,715 - INFO - Found 1 free game(s)
2025-12-23 22:39:40,717 - INFO - Completed notification check
2025-12-23 23:33:27,679 - INFO - Starting Epic Games Freebie Notifier
2025-12-23 23:33:27,679 - INFO - Current working directory: /home/runner/work/EpicGames-Freebie-Notifier/EpicGames-Freebie-Notifier
2025-12-23 23:33:27,679 - INFO - Looking for .env file at: /home/runner/work/EpicGames-Freebie-Notifier/EpicGames-Freebie-Notifier/.env
2025-12-23 23:33:27,679 - INFO - .env file exists: False
2025-12-23 23:33:27,679 - INFO - Configuration validated successfully
2025-12-23 23:33:27,679 - INFO - Using webhook: https://discord.com/api/webhoo...
2025-12-23 23:33:28,071 - INFO - Found 1 free game(s)
2025-12-23 23:33:28,073 - INFO - Completed notification check
2025-12-24 03:50:01,432 - INFO - Starting Epic Games Freebie Notifier
2025-12-24 03:50:01,432 - INFO - Current working directory: /home/runner/work/EpicGames-Freebie-Notifier/EpicGames-Freebie-Notifier
2025-12-24 03:50:01,432 - INFO - Looking for .env file at: /home/runner/work/EpicGames-Freebie-Notifier/EpicGames-Freebie-Notifier/.env
2025-12-24 03:50:01,432 - INFO - .env file exists: False
2025-12-24 03:50:01,432 - INFO - Configuration validated successfully
2025-12-24 03:50:01,432 - INFO - Using webhook: https://discord.com/api/webhoo...
2025-12-24 03:50:01,492 - INFO - Found 1 free game(s)
2025-12-24 03:50:01,493 - INFO - Completed notification check
2025-12-24 05:00:19,616 - INFO - Starting Epic Games Freebie Notifier
2025-12-24 05:00:19,616 - INFO - Current working directory: /home/runner/work/EpicGames-Freebie-Notifier/EpicGames-Freebie-Notifier
2025-12-24 05:00:19,616 - INFO - Looking for .env file at: /home/runner/work/EpicGames-Freebie-Notifier/EpicGames-Freebie-Notifier/.env
2025-12-24 05:00:19,617 - INFO - .env file exists: False
2025-12-24 05:00:19,617 - INFO - Configuration validated successfully
2025-12-24 05:00:19,617 - INFO - Using webhook: https://discord.com/api/webhoo...
2025-12-24 05:00:20,007 - INFO - Found 1 free game(s)
2025-12-24 05:00:20,023 - INFO - Completed notification check
2025-12-24 05:49:36,944 - INFO - Starting Epic Games Freebie Notifier
2025-12-24 05:49:36,944 - INFO - Current working directory: /home/runner/work/EpicGames-Freebie-Notifier/EpicGames-Freebie-Notifier
2025-12-24 05:49:36,944 - INFO - Looking for .env file at: /home/runner/work/EpicGames-Freebie-Notifier/EpicGames-Freebie-Notifier/.env
2025-12-24 05:49:36,945 - INFO - .env file exists: False
2025-12-24 05:49:36,945 - INFO - Configuration validated successfully
2025-12-24 05:49:36,945 - INFO - Using webhook: https://discord.com/api/webhoo...
2025-12-24 05:49:37,182 - INFO - Found 1 free game(s)
2025-12-24 05:49:37,183 - INFO - Completed notification check
2025-12-24 06:59:57,721 - INFO - Starting Epic Games Freebie Notifier
2025-12-24 06:59:57,722 - INFO - Current working directory: /home/runner/work/EpicGames-Freebie-Notifier/EpicGames-Freebie-Notifier
2025-12-24 06:59:57,722 - INFO - Looking for .env file at: /home/runner/work/EpicGames-Freebie-Notifier/EpicGames-Freebie-Notifier/.env
2025-12-24 06:59:57,722 - INFO - .env file exists: False
2025-12-24 06:59:57,722 - INFO - Configuration validated successfully
2025-12-24 06:59:57,722 - INFO - Using webhook: https://discord.com/api/webhoo...
2025-12-24 06:59:57,994 - INFO - Found 1 free game(s)
2025-12-24 06:59:57,995 - INFO - Completed notification check
2025-12-24 07:42:08,932 - INFO - Starting Epic Games Freebie Notifier
2025-12-24 07:42:08,932 - INFO - Current working directory: /home/runner/work/EpicGames-Freebie-Notifier/EpicGames-Freebie-Notifier
2025-12-24 07:42:08,932 - INFO - Looking for .env file at: /home/runner/work/EpicGames-Freebie-Notifier/EpicGames-Freebie-Notifier/.env
2025-12-24 07:42:08,933 - INFO - .env file exists: False
2025-12-24 07:42:08,933 - INFO - Configuration validated successfully
2025-12-24 07:42:08,933 - INFO - Using webhook: https://discord.com/api/webhoo...
2025-12-24 07:42:09,353 - INFO - Found 1 free game(s)
2025-12-24 07:42:09,355 - INFO - Completed notification check
2025-12-24 08:58:13,212 - INFO - Starting Epic Games Freebie Notifier
2025-12-24 08:58:13,212 - INFO - Current working directory: /home/runner/work/EpicGames-Freebie-Notifier/EpicGames-Freebie-Notifier
2025-12-24 08:58:13,212 - INFO - Looking for .env file at: /home/runner/work/EpicGames-Freebie-Notifier/EpicGames-Freebie-Notifier/.env
2025-12-24 08:58:13,212 - INFO - .env file exists: False
2025-12-24 08:58:13,213 - INFO - Configuration validated successfully
2025-12-24 08:58:13,213 - INFO - Using webhook: https://discord.com/api/webhoo...
2025-12-24 08:58:13,339 - INFO - Found 1 free game(s)
2025-12-24 08:58:13,340 - INFO - Completed notification check
2025-12-24 09:43:03,821 - INFO - Starting Epic Games Freebie Notifier
2025-12-24 09:43:03,821 - INFO - Current working directory: /home/runner/work/EpicGames-Freebie-Notifier/EpicGames-Freebie-Notifier
2025-12-24 09:43:03,821 - INFO - Looking for .env file at: /home/runner/work/EpicGames-Freebie-Notifier/EpicGames-Freebie-Notifier/.env
2025-12-24 09:43:03,821 - INFO - .env file exists: False
2025-12-24 09:43:03,821 - INFO - Configuration validated successfully
2025-12-24 09:43:03,822 - INFO - Using webhook: https://discord.com/api/webhoo...
2025-12-24 09:43:04,382 - INFO - Found 1 free game(s)
2025-12-24 09:43:04,383 - INFO - Completed notification check
2025-12-24 10:44:54,783 - INFO - Starting Epic Games Freebie Notifier
2025-12-24 10:44:54,783 - INFO - Current working directory: /home/runner/work/EpicGames-Freebie-Notifier/EpicGames-Freebie-Notifier
2025-12-24 10:44:54,783 - INFO - Looking for .env file at: /home/runner/work/EpicGames-Freebie-Notifier/EpicGames-Freebie-Notifier/.env
2025-12-24 10:44:54,783 - INFO - .env file exists: False
2025-12-24 10:44:54,783 - INFO - Configuration validated successfully
2025-12-24 10:44:54,784 - INFO - Using webhook: https://discord.com/api/webhoo...
2025-12-24 10:44:55,264 - INFO - Found 1 free game(s)
2025-12-24 10:44:55,265 - INFO - Completed notification check
2025-12-24 11:31:53,869 - INFO - Starting Epic Games Freebie Notifier
2025-12-24 11:31:53,869 - INFO - Current working directory: /home/runner/work/EpicGames-Freebie-Notifier/EpicGames-Freebie-Notifier
2025-12-24 11:31:53,869 - INFO - Looking for .env file at: /home/runner/work/EpicGames-Freebie-Notifier/EpicGames-Freebie-Notifier/.env
2025-12-24 11:31:53,869 - INFO - .env file exists: False
2025-12-24 11:31:53,869 - INFO - Configuration validated successfully
2025-12-24 11:31:53,869 - INFO - Using webhook: https://discord.com/api/webhoo...
2025-12-24 11:31:54,066 - INFO - Found 1 free game(s)
2025-12-24 11:31:54,067 - INFO - Completed notification check
2025-12-24 13:41:57,679 - INFO - Starting Epic Games Freebie Notifier
2025-12-24 13:41:57,679 - INFO - Current working directory: /home/runner/work/EpicGames-Freebie-Notifier/EpicGames-Freebie-Notifier
2025-12-24 13:41:57,680 - INFO - Looking for .env file at: /home/runner/work/EpicGames-Freebie-Notifier/EpicGames-Freebie-Notifier/.env
2025-12-24 13:41:57,680 - INFO - .env file exists: False
2025-12-24 13:41:57,680 - INFO - Configuration validated successfully
2025-12-24 13:41:57,680 - INFO - Using webhook: https://discord.com/api/webhoo...
2025-12-24 13:41:57,973 - INFO - Found 1 free game(s)
2025-12-24 13:41:57,975 - INFO - Completed notification check
2025-12-24 14:41:05,977 - INFO - Starting Epic Games Freebie Notifier
2025-12-24 14:41:05,977 - INFO - Current working directory: /home/runner/work/EpicGames-Freebie-Notifier/EpicGames-Freebie-Notifier
2025-12-24 14:41:05,977 - INFO - Looking for .env file at: /home/runner/work/EpicGames-Freebie-Notifier/EpicGames-Freebie-Notifier/.env
2025-12-24 14:41:05,977 - INFO - .env file exists: False
2025-12-24 14:41:05,977 - INFO - Configuration validated successfully
2025-12-24 14:41:05,977 - INFO - Using webhook: https://discord.com/api/webhoo...
2025-12-24 14:41:06,146 - INFO - Found 1 free game(s)
2025-12-24 14:41:06,148 - INFO - Completed notification check
2025-12-24 15:40:20,238 - INFO - Starting Epic Games Freebie Notifier
2025-12-24 15:40:20,238 - INFO - Current working directory: /home/runner/work/EpicGames-Freebie-Notifier/EpicGames-Freebie-Notifier
2025-12-24 15:40:20,239 - INFO - Looking for .env file at: /home/runner/work/EpicGames-Freebie-Notifier/EpicGames-Freebie-Notifier/.env
2025-12-24 15:40:20,239 - INFO - .env file exists: False
2025-12-24 15:40:20,239 - INFO - Configuration validated successfully
2025-12-24 15:40:20,239 - INFO - Using webhook: https://discord.com/api/webhoo...
2025-12-24 15:40:20,676 - INFO - Found 2 free game(s)
2025-12-24 15:40:20,677 - INFO - New free game detected: The Callisto Protocol
2025-12-24 15:40:21,154 - INFO - Successfully notified: The Callisto Protocol
2025-12-24 15:40:21,155 - INFO - Completed notification check
2025-12-24 16:50:10,568 - INFO - Starting Epic Games Freebie Notifier
2025-12-24 16:50:10,568 - INFO - Current working directory: /home/runner/work/EpicGames-Freebie-Notifier/EpicGames-Freebie-Notifier
2025-12-24 16:50:10,568 - INFO - Looking for .env file at: /home/runner/work/EpicGames-Freebie-Notifier/EpicGames-Freebie-Notifier/.env
2025-12-24 16:50:10,568 - INFO - .env file exists: False
2025-12-24 16:50:10,568 - INFO - Configuration validated successfully
2025-12-24 16:50:10,568 - INFO - Using webhook: https://discord.com/api/webhoo...
2025-12-24 16:50:10,766 - INFO - Found 1 free game(s)
2025-12-24 16:50:10,768 - INFO - Removing expired game from tracking: Bloodstained: Ritual of the Night
2025-12-24 16:50:10,768 - INFO - Completed notification check
2025-12-24 17:35:56,519 - INFO - Starting Epic Games Freebie Notifier
2025-12-24 17:35:56,519 - INFO - Current working directory: /home/runner/work/EpicGames-Freebie-Notifier/EpicGames-Freebie-Notifier
2025-12-24 17:35:56,519 - INFO - Looking for .env file at: /home/runner/work/EpicGames-Freebie-Notifier/EpicGames-Freebie-Notifier/.env
2025-12-24 17:35:56,519 - INFO - .env file exists: False
2025-12-24 17:35:56,519 - INFO - Configuration validated successfully
2025-12-24 17:35:56,519 - INFO - Using webhook: https://discord.com/api/webhoo...
2025-12-24 17:35:56,827 - INFO - Found 1 free game(s)
2025-12-24 17:35:56,828 - INFO - Completed notification check
2025-12-24 18:54:57,379 - INFO - Starting Epic Games Freebie Notifier
2025-12-24 18:54:57,379 - INFO - Current working directory: /home/runner/work/EpicGames-Freebie-Notifier/EpicGames-Freebie-Notifier
2025-12-24 18:54:57,380 - INFO - Looking for .env file at: /home/runner/work/EpicGames-Freebie-Notifier/EpicGames-Freebie-Notifier/.env
2025-12-24 18:54:57,380 - INFO - .env file exists: False
2025-12-24 18:54:57,380 - INFO - Configuration validated successfully
2025-12-24 18:54:57,380 - INFO - Using webhook: https://discord.com/api/webhoo...
2025-12-24 18:54:57,779 - INFO - Found 1 free game(s)
2025-12-24 18:54:57,780 - INFO - Completed notification check
2025-12-24 19:28:05,730 - INFO - Starting Epic Games Freebie Notifier
2025-12-24 19:28:05,730 - INFO - Current working directory: /home/runner/work/EpicGames-Freebie-Notifier/EpicGames-Freebie-Notifier
2025-12-24 19:28:05,730 - INFO - Looking for .env file at: /home/runner/work/EpicGames-Freebie-Notifier/EpicGames-Freebie-Notifier/.env
2025-12-24 19:28:05,730 - INFO - .env file exists: False
2025-12-24 19:28:05,730 - INFO - Configuration validated successfully
2025-12-24 19:28:05,730 - INFO - Using webhook: https://discord.com/api/webhoo...
2025-12-24 19:28:06,193 - INFO - Found 1 free game(s)
2025-12-24 19:28:06,195 - INFO - Completed notification check
2025-12-24 20:40:28,747 - INFO - Starting Epic Games Freebie Notifier
2025-12-24 20:40:28,747 - INFO - Current working directory: /home/runner/work/EpicGames-Freebie-Notifier/EpicGames-Freebie-Notifier
2025-12-24 20:40:28,747 - INFO - Looking for .env file at: /home/runner/work/EpicGames-Freebie-Notifier/EpicGames-Freebie-Notifier/.env
2025-12-24 20:40:28,747 - INFO - .env file exists: False
2025-12-24 20:40:28,748 - INFO - Configuration validated successfully
2025-12-24 20:40:28,748 - INFO - Using webhook: https://discord.com/api/webhoo...
2025-12-24 20:40:28,996 - INFO - Found 1 free game(s)
2025-12-24 20:40:28,998 - INFO - Completed notification check
2025-12-24 21:32:48,284 - INFO - Starting Epic Games Freebie Notifier
2025-12-24 21:32:48,284 - INFO - Current working directory: /home/runner/work/EpicGames-Freebie-Notifier/EpicGames-Freebie-Notifier
2025-12-24 21:32:48,284 - INFO - Looking for .env file at: /home/runner/work/EpicGames-Freebie-Notifier/EpicGames-Freebie-Notifier/.env
2025-12-24 21:32:48,284 - INFO - .env file exists: False
2025-12-24 21:32:48,284 - INFO - Configuration validated successfully
2025-12-24 21:32:48,284 - INFO - Using webhook: https://discord.com/api/webhoo...
2025-12-24 21:32:48,547 - INFO - Found 1 free game(s)
2025-12-24 21:32:48,549 - INFO - Completed notification check
2025-12-24 22:40:27,041 - INFO - Starting Epic Games Freebie Notifier
2025-12-24 22:40:27,041 - INFO - Current working directory: /home/runner/work/EpicGames-Freebie-Notifier/EpicGames-Freebie-Notifier
2025-12-24 22:40:27,041 - INFO - Looking for .env file at: /home/runner/work/EpicGames-Freebie-Notifier/EpicGames-Freebie-Notifier/.env
2025-12-24 22:40:27,041 - INFO - .env file exists: False
2025-12-24 22:40:27,042 - INFO - Configuration validated successfully
2025-12-24 22:40:27,042 - INFO - Using webhook: https://discord.com/api/webhoo...
2025-12-24 22:40:27,246 - INFO - Found 1 free game(s)
2025-12-24 22:40:27,247 - INFO - Completed notification check
2025-12-24 23:33:22,925 - INFO - Starting Epic Games Freebie Notifier
2025-12-24 23:33:22,926 - INFO - Current working directory: /home/runner/work/EpicGames-Freebie-Notifier/EpicGames-Freebie-Notifier
2025-12-24 23:33:22,926 - INFO - Looking for .env file at: /home/runner/work/EpicGames-Freebie-Notifier/EpicGames-Freebie-Notifier/.env
2025-12-24 23:33:22,926 - INFO - .env file exists: False
2025-12-24 23:33:22,926 - INFO - Configuration validated successfully
2025-12-24 23:33:22,926 - INFO - Using webhook: https://discord.com/api/webhoo...
2025-12-24 23:33:23,516 - INFO - Found 1 free game(s)
2025-12-24 23:33:23,518 - INFO - Completed notification check
2025-12-25 03:53:01,926 - INFO - Starting Epic Games Freebie Notifier
2025-12-25 03:53:01,927 - INFO - Current working directory: /home/runner/work/EpicGames-Freebie-Notifier/EpicGames-Freebie-Notifier
2025-12-25 03:53:01,927 - INFO - Looking for .env file at: /home/runner/work/EpicGames-Freebie-Notifier/EpicGames-Freebie-Notifier/.env
2025-12-25 03:53:01,927 - INFO - .env file exists: False
2025-12-25 03:53:01,927 - INFO - Configuration validated successfully
2025-12-25 03:53:01,927 - INFO - Using webhook: https://discord.com/api/webhoo...
2025-12-25 03:53:02,356 - INFO - Found 1 free game(s)
2025-12-25 03:53:02,358 - INFO - Completed notification check
2025-12-25 05:00:48,664 - INFO - Starting Epic Games Freebie Notifier
2025-12-25 05:00:48,664 - INFO - Current working directory: /home/runner/work/EpicGames-Freebie-Notifier/EpicGames-Freebie-Notifier
2025-12-25 05:00:48,664 - INFO - Looking for .env file at: /home/runner/work/EpicGames-Freebie-Notifier/EpicGames-Freebie-Notifier/.env
2025-12-25 05:00:48,664 - INFO - .env file exists: False
2025-12-25 05:00:48,664 - INFO - Configuration validated successfully
2025-12-25 05:00:48,664 - INFO - Using webhook: https://discord.com/api/webhoo...
2025-12-25 05:00:48,812 - INFO - Found 1 free game(s)
2025-12-25 05:00:48,813 - INFO - Completed notification check
2025-12-25 05:48:57,986 - INFO - Starting Epic Games Freebie Notifier
2025-12-25 05:48:57,986 - INFO - Current working directory: /home/runner/work/EpicGames-Freebie-Notifier/EpicGames-Freebie-Notifier
2025-12-25 05:48:57,986 - INFO - Looking for .env file at: /home/runner/work/EpicGames-Freebie-Notifier/EpicGames-Freebie-Notifier/.env
2025-12-25 05:48:57,986 - INFO - .env file exists: False
2025-12-25 05:48:57,986 - INFO - Configuration validated successfully
2025-12-25 05:48:57,986 - INFO - Using webhook: https://discord.com/api/webhoo...
2025-12-25 05:48:58,419 - INFO - Found 1 free game(s)
2025-12-25 05:48:58,421 - INFO - Completed notification check
2025-12-25 06:58:19,420 - INFO - Starting Epic Games Freebie Notifier
2025-12-25 06:58:19,421 - INFO - Current working directory: /home/runner/work/EpicGames-Freebie-Notifier/EpicGames-Freebie-Notifier
2025-12-25 06:58:19,421 - INFO - Looking for .env file at: /home/runner/work/EpicGames-Freebie-Notifier/EpicGames-Freebie-Notifier/.env
2025-12-25 06:58:19,421 - INFO - .env file exists: False
2025-12-25 06:58:19,421 - INFO - Configuration validated successfully
2025-12-25 06:58:19,421 - INFO - Using webhook: https://discord.com/api/webhoo...
2025-12-25 06:58:19,646 - INFO - Found 1 free game(s)
2025-12-25 06:58:19,647 - INFO - Completed notification check
2025-12-25 07:38:38,935 - INFO - Starting Epic Games Freebie Notifier
2025-12-25 07:38:38,935 - INFO - Current working directory: /home/runner/work/EpicGames-Freebie-Notifier/EpicGames-Freebie-Notifier
2025-12-25 07:38:38,936 - INFO - Looking for .env file at: /home/runner/work/EpicGames-Freebie-Notifier/EpicGames-Freebie-Notifier/.env
2025-12-25 07:38:38,936 - INFO - .env file exists: False
2025-12-25 07:38:38,936 - INFO - Configuration validated successfully
2025-12-25 07:38:38,936 - INFO - Using webhook: https://discord.com/api/webhoo...
2025-12-25 07:38:39,043 - INFO - Found 1 free game(s)
2025-12-25 07:38:39,044 - INFO - Completed notification check
2025-12-25 08:54:09,979 - INFO - Starting Epic Games Freebie Notifier
2025-12-25 08:54:09,979 - INFO - Current working directory: /home/runner/work/EpicGames-Freebie-Notifier/EpicGames-Freebie-Notifier
2025-12-25 08:54:09,979 - INFO - Looking for .env file at: /home/runner/work/EpicGames-Freebie-Notifier/EpicGames-Freebie-Notifier/.env
2025-12-25 08:54:09,979 - INFO - .env file exists: False
2025-12-25 08:54:09,979 - INFO - Configuration validated successfully
2025-12-25 08:54:09,979 - INFO - Using webhook: https://discord.com/api/webhoo...
2025-12-25 08:54:10,145 - INFO - Found 1 free game(s)
2025-12-25 08:54:10,146 - INFO - Completed notification check
2025-12-25 09:45:48,432 - INFO - Starting Epic Games Freebie Notifier
2025-12-25 09:45:48,433 - INFO - Current working directory: /home/runner/work/EpicGames-Freebie-Notifier/EpicGames-Freebie-Notifier
2025-12-25 09:45:48,433 - INFO - Looking for .env file at: /home/runner/work/EpicGames-Freebie-Notifier/EpicGames-Freebie-Notifier/.env
2025-12-25 09:45:48,433 - INFO - .env file exists: False
2025-12-25 09:45:48,433 - INFO - Configuration validated successfully
2025-12-25 09:45:48,433 - INFO - Using webhook: https://discord.com/api/webhoo...
2025-12-25 09:45:48,839 - INFO - Found 1 free game(s)
2025-12-25 09:45:48,840 - INFO - Completed notification check
2025-12-25 10:50:00,802 - INFO - Starting Epic Games Freebie Notifier
2025-12-25 10:50:00,802 - INFO - Current working directory: /home/runner/work/EpicGames-Freebie-Notifier/EpicGames-Freebie-Notifier
2025-12-25 10:50:00,802 - INFO - Looking for .env file at: /home/runner/work/EpicGames-Freebie-Notifier/EpicGames-Freebie-Notifier/.env
2025-12-25 10:50:00,803 - INFO - .env file exists: False
2025-12-25 10:50:00,803 - INFO - Configuration validated successfully
2025-12-25 10:50:00,803 - INFO - Using webhook: https://discord.com/api/webhoo...
2025-12-25 10:50:01,433 - INFO - Found 1 free game(s)
2025-12-25 10:50:01,435 - INFO - Completed notification check
2025-12-25 11:36:36,334 - INFO - Starting Epic Games Freebie Notifier
2025-12-25 11:36:36,334 - INFO - Current working directory: /home/runner/work/EpicGames-Freebie-Notifier/EpicGames-Freebie-Notifier
2025-12-25 11:36:36,334 - INFO - Looking for .env file at: /home/runner/work/EpicGames-Freebie-Notifier/EpicGames-Freebie-Notifier/.env
2025-12-25 11:36:36,334 - INFO - .env file exists: False
2025-12-25 11:36:36,335 - INFO - Configuration validated successfully
2025-12-25 11:36:36,335 - INFO - Using webhook: https://discord.com/api/webhoo...
2025-12-25 11:36:36,560 - INFO - Found 1 free game(s)
2025-12-25 11:36:36,561 - INFO - Completed notification check
2025-12-25 13:49:28,812 - INFO - Starting Epic Games Freebie Notifier
2025-12-25 13:49:28,812 - INFO - Current working directory: /home/runner/work/EpicGames-Freebie-Notifier/EpicGames-Freebie-Notifier
2025-12-25 13:49:28,812 - INFO - Looking for .env file at: /home/runner/work/EpicGames-Freebie-Notifier/EpicGames-Freebie-Notifier/.env
2025-12-25 13:49:28,812 - INFO - .env file exists: False
2025-12-25 13:49:28,812 - INFO - Configuration validated successfully
2025-12-25 13:49:28,812 - INFO - Using webhook: https://discord.com/api/webhoo...
2025-12-25 13:49:29,278 - INFO - Found 1 free game(s)
2025-12-25 13:49:29,280 - INFO - Completed notification check
